// Jest Snapshot v1, https://goo.gl/fbAQLP

exports[`renders demo correctly 1`] = `
<div>
  <div>
    <div class="buri-cell-group buri-hairline--top-bottom buri-panel">
      <div class="buri-cell buri-panel__header">
        <div class="buri-cell__title"><span>标题</span>
          <div class="buri-cell__label">描述信息</div>
        </div>
        <div class="buri-cell__value buri-panel__header-value"><span>状态</span></div>
      </div>
      <div class="buri-panel__content">
        <div>内容</div>
      </div>
    </div>
  </div>
  <div>
    <div class="buri-cell-group buri-hairline--top-bottom buri-panel">
      <div class="buri-cell buri-panel__header">
        <div class="buri-cell__title"><span>标题</span>
          <div class="buri-cell__label">描述信息</div>
        </div>
        <div class="buri-cell__value buri-panel__header-value"><span>状态</span></div>
      </div>
      <div class="buri-panel__content">
        <div>内容</div>
      </div>
      <div class="buri-panel__footer buri-hairline--top"><button class="buri-button buri-button--default buri-button--small"><span class="buri-button__text">按钮</span></button> <button class="buri-button buri-button--danger buri-button--small"><span class="buri-button__text">
          按钮
        </span></button></div>
    </div>
  </div>
</div>
`;
