// Jest Snapshot v1, https://goo.gl/fbAQLP

exports[`renders demo correctly 1`] = `
<div>
  <div>
    <div role="checkbox" tabindex="0" aria-checked="true" class="buri-checkbox">
      <div class="buri-checkbox__icon buri-checkbox__icon--round buri-checkbox__icon--checked"><i class="buri-icon buri-icon-success">
          <!----></i></div><span class="buri-checkbox__label">复选框</span>
    </div>
  </div>
  <div>
    <div role="checkbox" tabindex="-1" aria-checked="false" class="buri-checkbox buri-checkbox--disabled">
      <div class="buri-checkbox__icon buri-checkbox__icon--round buri-checkbox__icon--disabled"><i class="buri-icon buri-icon-success">
          <!----></i></div><span class="buri-checkbox__label buri-checkbox__label--disabled">
      复选框
    </span>
    </div>
    <div role="checkbox" tabindex="-1" aria-checked="true" class="buri-checkbox buri-checkbox--disabled">
      <div class="buri-checkbox__icon buri-checkbox__icon--round buri-checkbox__icon--disabled buri-checkbox__icon--checked"><i class="buri-icon buri-icon-success">
          <!----></i></div><span class="buri-checkbox__label buri-checkbox__label--disabled">
      复选框
    </span>
    </div>
  </div>
  <div>
    <div role="checkbox" tabindex="0" aria-checked="true" class="buri-checkbox buri-checkbox--label-disabled">
      <div class="buri-checkbox__icon buri-checkbox__icon--round buri-checkbox__icon--checked"><i class="buri-icon buri-icon-success">
          <!----></i></div><span class="buri-checkbox__label">
      复选框
    </span>
    </div>
  </div>
  <div>
    <div role="checkbox" tabindex="0" aria-checked="true" class="buri-checkbox">
      <div class="buri-checkbox__icon buri-checkbox__icon--square buri-checkbox__icon--checked"><i class="buri-icon buri-icon-success">
          <!----></i></div><span class="buri-checkbox__label">
      自定义颜色
    </span>
    </div>
  </div>
  <div>
    <div role="checkbox" tabindex="0" aria-checked="true" class="buri-checkbox">
      <div class="buri-checkbox__icon buri-checkbox__icon--round buri-checkbox__icon--checked"><i class="buri-icon buri-icon-success" style="border-color: #07c160; background-color: rgb(7, 193, 96);">
          <!----></i></div><span class="buri-checkbox__label">
      自定义颜色
    </span>
    </div>
  </div>
  <div>
    <div role="checkbox" tabindex="0" aria-checked="true" class="buri-checkbox">
      <div class="buri-checkbox__icon buri-checkbox__icon--round buri-checkbox__icon--checked" style="font-size: 24px;"><i class="buri-icon buri-icon-success">
          <!----></i></div><span class="buri-checkbox__label">
      自定义大小
    </span>
    </div>
  </div>
  <div>
    <div role="checkbox" tabindex="0" aria-checked="true" class="buri-checkbox">
      <div class="buri-checkbox__icon buri-checkbox__icon--round buri-checkbox__icon--checked"><img src="https://img.yzcdn.cn/buri/user-active.png"></div><span class="buri-checkbox__label">
      自定义图标
      </span>
    </div>
  </div>
  <div>
    <div class="buri-checkbox-group">
      <div role="checkbox" tabindex="0" aria-checked="true" class="buri-checkbox">
        <div class="buri-checkbox__icon buri-checkbox__icon--round buri-checkbox__icon--checked"><i class="buri-icon buri-icon-success">
            <!----></i></div><span class="buri-checkbox__label">复选框 a</span>
      </div>
      <div role="checkbox" tabindex="0" aria-checked="true" class="buri-checkbox">
        <div class="buri-checkbox__icon buri-checkbox__icon--round buri-checkbox__icon--checked"><i class="buri-icon buri-icon-success">
            <!----></i></div><span class="buri-checkbox__label">复选框 b</span>
      </div>
      <div role="checkbox" tabindex="0" aria-checked="false" class="buri-checkbox">
        <div class="buri-checkbox__icon buri-checkbox__icon--round"><i class="buri-icon buri-icon-success">
            <!----></i></div><span class="buri-checkbox__label">复选框 c</span>
      </div>
    </div>
  </div>
  <div>
    <div class="buri-checkbox-group">
      <div role="checkbox" tabindex="0" aria-checked="false" class="buri-checkbox">
        <div class="buri-checkbox__icon buri-checkbox__icon--round"><i class="buri-icon buri-icon-success">
            <!----></i></div><span class="buri-checkbox__label">复选框 a</span>
      </div>
      <div role="checkbox" tabindex="0" aria-checked="false" class="buri-checkbox">
        <div class="buri-checkbox__icon buri-checkbox__icon--round"><i class="buri-icon buri-icon-success">
            <!----></i></div><span class="buri-checkbox__label">复选框 b</span>
      </div>
      <div role="checkbox" tabindex="0" aria-checked="false" class="buri-checkbox">
        <div class="buri-checkbox__icon buri-checkbox__icon--round"><i class="buri-icon buri-icon-success">
            <!----></i></div><span class="buri-checkbox__label">复选框 c</span>
      </div>
    </div>
  </div>
  <div>
    <div class="buri-checkbox-group">
      <div role="checkbox" tabindex="0" aria-checked="false" class="buri-checkbox">
        <div class="buri-checkbox__icon buri-checkbox__icon--round"><i class="buri-icon buri-icon-success">
            <!----></i></div><span class="buri-checkbox__label">复选框 a</span>
      </div>
      <div role="checkbox" tabindex="0" aria-checked="false" class="buri-checkbox">
        <div class="buri-checkbox__icon buri-checkbox__icon--round"><i class="buri-icon buri-icon-success">
            <!----></i></div><span class="buri-checkbox__label">复选框 b</span>
      </div>
      <div role="checkbox" tabindex="0" aria-checked="false" class="buri-checkbox">
        <div class="buri-checkbox__icon buri-checkbox__icon--round"><i class="buri-icon buri-icon-success">
            <!----></i></div><span class="buri-checkbox__label">复选框 c</span>
      </div>
    </div>
    <div class="demo-checkbox-buttons"><button class="buri-button buri-button--primary buri-button--normal"><span class="buri-button__text">全选</span></button> <button class="buri-button buri-button--info buri-button--normal"><span class="buri-button__text">反选</span></button></div>
  </div>
  <div>
    <div class="buri-checkbox-group">
      <div class="buri-cell-group buri-hairline--top-bottom">
        <div role="button" tabindex="0" class="buri-cell buri-cell--clickable">
          <div class="buri-cell__title"><span>复选框a</span></div>
          <div role="checkbox" tabindex="0" aria-checked="false" class="buri-checkbox">
            <div class="buri-checkbox__icon buri-checkbox__icon--round"><i class="buri-icon buri-icon-success">
                <!----></i></div>
          </div>
        </div>
        <div role="button" tabindex="0" class="buri-cell buri-cell--clickable">
          <div class="buri-cell__title"><span>复选框b</span></div>
          <div role="checkbox" tabindex="0" aria-checked="false" class="buri-checkbox">
            <div class="buri-checkbox__icon buri-checkbox__icon--round"><i class="buri-icon buri-icon-success">
                <!----></i></div>
          </div>
        </div>
        <div role="button" tabindex="0" class="buri-cell buri-cell--clickable">
          <div class="buri-cell__title"><span>复选框c</span></div>
          <div role="checkbox" tabindex="0" aria-checked="false" class="buri-checkbox">
            <div class="buri-checkbox__icon buri-checkbox__icon--round"><i class="buri-icon buri-icon-success">
                <!----></i></div>
          </div>
        </div>
      </div>
    </div>
  </div>
</div>
`;
