// Jest Snapshot v1, https://goo.gl/fbAQLP

exports[`renders demo correctly 1`] = `
<div>
  <div class="buri-tabs buri-tabs--line">
    <div class="buri-tabs__wrap buri-hairline--top-bottom">
      <div role="tablist" class="buri-tabs__nav buri-tabs__nav--line" style="border-color: #1989fa;">
        <div role="tab" aria-selected="true" class="buri-tab buri-tab--active buri-ellipsis"><span class="buri-tab__text">基础用法<!----></span></div>
        <div role="tab" class="buri-tab buri-ellipsis"><span class="buri-tab__text">自定义索引列表<!----></span></div>
        <div class="buri-tabs__line" style="background-color: rgb(25, 137, 250); width: 0px; transform: translateX(0px) translateX(-50%);"></div>
      </div>
    </div>
    <div class="buri-tabs__content">
      <div role="tabpanel" class="buri-tab__pane" style="">
        <div class="buri-index-bar">
          <div class="buri-index-bar__sidebar" style="z-index: 2;"><span data-index="A" class="buri-index-bar__index">A</span><span data-index="B" class="buri-index-bar__index">B</span><span data-index="C" class="buri-index-bar__index">C</span><span data-index="D" class="buri-index-bar__index">D</span><span data-index="E" class="buri-index-bar__index">E</span><span data-index="F" class="buri-index-bar__index">F</span><span data-index="G" class="buri-index-bar__index">G</span><span data-index="H" class="buri-index-bar__index">H</span><span data-index="I" class="buri-index-bar__index">I</span><span data-index="J" class="buri-index-bar__index">J</span><span data-index="K" class="buri-index-bar__index">K</span><span data-index="L" class="buri-index-bar__index">L</span><span data-index="M" class="buri-index-bar__index">M</span><span data-index="N" class="buri-index-bar__index">N</span><span data-index="O" class="buri-index-bar__index">O</span><span data-index="P" class="buri-index-bar__index">P</span><span data-index="Q" class="buri-index-bar__index">Q</span><span data-index="R" class="buri-index-bar__index">R</span><span data-index="S" class="buri-index-bar__index">S</span><span data-index="T" class="buri-index-bar__index">T</span><span data-index="U" class="buri-index-bar__index">U</span><span data-index="V" class="buri-index-bar__index">V</span><span data-index="W" class="buri-index-bar__index">W</span><span data-index="X" class="buri-index-bar__index">X</span><span data-index="Y" class="buri-index-bar__index">Y</span><span data-index="Z" class="buri-index-bar__index">Z</span></div>
          <div>
            <div>
              <div class="buri-index-anchor">A</div>
            </div>
            <div class="buri-cell">
              <div class="buri-cell__title"><span>文本</span></div>
            </div>
            <div class="buri-cell">
              <div class="buri-cell__title"><span>文本</span></div>
            </div>
            <div class="buri-cell">
              <div class="buri-cell__title"><span>文本</span></div>
            </div>
          </div>
          <div>
            <div>
              <div class="buri-index-anchor">B</div>
            </div>
            <div class="buri-cell">
              <div class="buri-cell__title"><span>文本</span></div>
            </div>
            <div class="buri-cell">
              <div class="buri-cell__title"><span>文本</span></div>
            </div>
            <div class="buri-cell">
              <div class="buri-cell__title"><span>文本</span></div>
            </div>
          </div>
          <div>
            <div>
              <div class="buri-index-anchor">C</div>
            </div>
            <div class="buri-cell">
              <div class="buri-cell__title"><span>文本</span></div>
            </div>
            <div class="buri-cell">
              <div class="buri-cell__title"><span>文本</span></div>
            </div>
            <div class="buri-cell">
              <div class="buri-cell__title"><span>文本</span></div>
            </div>
          </div>
          <div>
            <div>
              <div class="buri-index-anchor">D</div>
            </div>
            <div class="buri-cell">
              <div class="buri-cell__title"><span>文本</span></div>
            </div>
            <div class="buri-cell">
              <div class="buri-cell__title"><span>文本</span></div>
            </div>
            <div class="buri-cell">
              <div class="buri-cell__title"><span>文本</span></div>
            </div>
          </div>
          <div>
            <div>
              <div class="buri-index-anchor">E</div>
            </div>
            <div class="buri-cell">
              <div class="buri-cell__title"><span>文本</span></div>
            </div>
            <div class="buri-cell">
              <div class="buri-cell__title"><span>文本</span></div>
            </div>
            <div class="buri-cell">
              <div class="buri-cell__title"><span>文本</span></div>
            </div>
          </div>
          <div>
            <div>
              <div class="buri-index-anchor">F</div>
            </div>
            <div class="buri-cell">
              <div class="buri-cell__title"><span>文本</span></div>
            </div>
            <div class="buri-cell">
              <div class="buri-cell__title"><span>文本</span></div>
            </div>
            <div class="buri-cell">
              <div class="buri-cell__title"><span>文本</span></div>
            </div>
          </div>
          <div>
            <div>
              <div class="buri-index-anchor">G</div>
            </div>
            <div class="buri-cell">
              <div class="buri-cell__title"><span>文本</span></div>
            </div>
            <div class="buri-cell">
              <div class="buri-cell__title"><span>文本</span></div>
            </div>
            <div class="buri-cell">
              <div class="buri-cell__title"><span>文本</span></div>
            </div>
          </div>
          <div>
            <div>
              <div class="buri-index-anchor">H</div>
            </div>
            <div class="buri-cell">
              <div class="buri-cell__title"><span>文本</span></div>
            </div>
            <div class="buri-cell">
              <div class="buri-cell__title"><span>文本</span></div>
            </div>
            <div class="buri-cell">
              <div class="buri-cell__title"><span>文本</span></div>
            </div>
          </div>
          <div>
            <div>
              <div class="buri-index-anchor">I</div>
            </div>
            <div class="buri-cell">
              <div class="buri-cell__title"><span>文本</span></div>
            </div>
            <div class="buri-cell">
              <div class="buri-cell__title"><span>文本</span></div>
            </div>
            <div class="buri-cell">
              <div class="buri-cell__title"><span>文本</span></div>
            </div>
          </div>
          <div>
            <div>
              <div class="buri-index-anchor">J</div>
            </div>
            <div class="buri-cell">
              <div class="buri-cell__title"><span>文本</span></div>
            </div>
            <div class="buri-cell">
              <div class="buri-cell__title"><span>文本</span></div>
            </div>
            <div class="buri-cell">
              <div class="buri-cell__title"><span>文本</span></div>
            </div>
          </div>
          <div>
            <div>
              <div class="buri-index-anchor">K</div>
            </div>
            <div class="buri-cell">
              <div class="buri-cell__title"><span>文本</span></div>
            </div>
            <div class="buri-cell">
              <div class="buri-cell__title"><span>文本</span></div>
            </div>
            <div class="buri-cell">
              <div class="buri-cell__title"><span>文本</span></div>
            </div>
          </div>
          <div>
            <div>
              <div class="buri-index-anchor">L</div>
            </div>
            <div class="buri-cell">
              <div class="buri-cell__title"><span>文本</span></div>
            </div>
            <div class="buri-cell">
              <div class="buri-cell__title"><span>文本</span></div>
            </div>
            <div class="buri-cell">
              <div class="buri-cell__title"><span>文本</span></div>
            </div>
          </div>
          <div>
            <div>
              <div class="buri-index-anchor">M</div>
            </div>
            <div class="buri-cell">
              <div class="buri-cell__title"><span>文本</span></div>
            </div>
            <div class="buri-cell">
              <div class="buri-cell__title"><span>文本</span></div>
            </div>
            <div class="buri-cell">
              <div class="buri-cell__title"><span>文本</span></div>
            </div>
          </div>
          <div>
            <div>
              <div class="buri-index-anchor">N</div>
            </div>
            <div class="buri-cell">
              <div class="buri-cell__title"><span>文本</span></div>
            </div>
            <div class="buri-cell">
              <div class="buri-cell__title"><span>文本</span></div>
            </div>
            <div class="buri-cell">
              <div class="buri-cell__title"><span>文本</span></div>
            </div>
          </div>
          <div>
            <div>
              <div class="buri-index-anchor">O</div>
            </div>
            <div class="buri-cell">
              <div class="buri-cell__title"><span>文本</span></div>
            </div>
            <div class="buri-cell">
              <div class="buri-cell__title"><span>文本</span></div>
            </div>
            <div class="buri-cell">
              <div class="buri-cell__title"><span>文本</span></div>
            </div>
          </div>
          <div>
            <div>
              <div class="buri-index-anchor">P</div>
            </div>
            <div class="buri-cell">
              <div class="buri-cell__title"><span>文本</span></div>
            </div>
            <div class="buri-cell">
              <div class="buri-cell__title"><span>文本</span></div>
            </div>
            <div class="buri-cell">
              <div class="buri-cell__title"><span>文本</span></div>
            </div>
          </div>
          <div>
            <div>
              <div class="buri-index-anchor">Q</div>
            </div>
            <div class="buri-cell">
              <div class="buri-cell__title"><span>文本</span></div>
            </div>
            <div class="buri-cell">
              <div class="buri-cell__title"><span>文本</span></div>
            </div>
            <div class="buri-cell">
              <div class="buri-cell__title"><span>文本</span></div>
            </div>
          </div>
          <div>
            <div>
              <div class="buri-index-anchor">R</div>
            </div>
            <div class="buri-cell">
              <div class="buri-cell__title"><span>文本</span></div>
            </div>
            <div class="buri-cell">
              <div class="buri-cell__title"><span>文本</span></div>
            </div>
            <div class="buri-cell">
              <div class="buri-cell__title"><span>文本</span></div>
            </div>
          </div>
          <div>
            <div>
              <div class="buri-index-anchor">S</div>
            </div>
            <div class="buri-cell">
              <div class="buri-cell__title"><span>文本</span></div>
            </div>
            <div class="buri-cell">
              <div class="buri-cell__title"><span>文本</span></div>
            </div>
            <div class="buri-cell">
              <div class="buri-cell__title"><span>文本</span></div>
            </div>
          </div>
          <div>
            <div>
              <div class="buri-index-anchor">T</div>
            </div>
            <div class="buri-cell">
              <div class="buri-cell__title"><span>文本</span></div>
            </div>
            <div class="buri-cell">
              <div class="buri-cell__title"><span>文本</span></div>
            </div>
            <div class="buri-cell">
              <div class="buri-cell__title"><span>文本</span></div>
            </div>
          </div>
          <div>
            <div>
              <div class="buri-index-anchor">U</div>
            </div>
            <div class="buri-cell">
              <div class="buri-cell__title"><span>文本</span></div>
            </div>
            <div class="buri-cell">
              <div class="buri-cell__title"><span>文本</span></div>
            </div>
            <div class="buri-cell">
              <div class="buri-cell__title"><span>文本</span></div>
            </div>
          </div>
          <div>
            <div>
              <div class="buri-index-anchor">V</div>
            </div>
            <div class="buri-cell">
              <div class="buri-cell__title"><span>文本</span></div>
            </div>
            <div class="buri-cell">
              <div class="buri-cell__title"><span>文本</span></div>
            </div>
            <div class="buri-cell">
              <div class="buri-cell__title"><span>文本</span></div>
            </div>
          </div>
          <div>
            <div>
              <div class="buri-index-anchor">W</div>
            </div>
            <div class="buri-cell">
              <div class="buri-cell__title"><span>文本</span></div>
            </div>
            <div class="buri-cell">
              <div class="buri-cell__title"><span>文本</span></div>
            </div>
            <div class="buri-cell">
              <div class="buri-cell__title"><span>文本</span></div>
            </div>
          </div>
          <div>
            <div>
              <div class="buri-index-anchor">X</div>
            </div>
            <div class="buri-cell">
              <div class="buri-cell__title"><span>文本</span></div>
            </div>
            <div class="buri-cell">
              <div class="buri-cell__title"><span>文本</span></div>
            </div>
            <div class="buri-cell">
              <div class="buri-cell__title"><span>文本</span></div>
            </div>
          </div>
          <div>
            <div>
              <div class="buri-index-anchor">Y</div>
            </div>
            <div class="buri-cell">
              <div class="buri-cell__title"><span>文本</span></div>
            </div>
            <div class="buri-cell">
              <div class="buri-cell__title"><span>文本</span></div>
            </div>
            <div class="buri-cell">
              <div class="buri-cell__title"><span>文本</span></div>
            </div>
          </div>
          <div>
            <div>
              <div class="buri-index-anchor">Z</div>
            </div>
            <div class="buri-cell">
              <div class="buri-cell__title"><span>文本</span></div>
            </div>
            <div class="buri-cell">
              <div class="buri-cell__title"><span>文本</span></div>
            </div>
            <div class="buri-cell">
              <div class="buri-cell__title"><span>文本</span></div>
            </div>
          </div>
        </div>
      </div>
      <div role="tabpanel" class="buri-tab__pane" style="display: none;">
        <!---->
      </div>
    </div>
  </div>
</div>
`;
