// Jest Snapshot v1, https://goo.gl/fbAQLP

exports[`custom anchor text 1`] = `
<div class="buri-index-bar">
  <div class="buri-index-bar__sidebar" style="z-index: 2;"><span data-index="A" class="buri-index-bar__index">A</span><span data-index="B" class="buri-index-bar__index">B</span><span data-index="C" class="buri-index-bar__index">C</span><span data-index="D" class="buri-index-bar__index">D</span><span data-index="E" class="buri-index-bar__index">E</span><span data-index="F" class="buri-index-bar__index">F</span><span data-index="G" class="buri-index-bar__index">G</span><span data-index="H" class="buri-index-bar__index">H</span><span data-index="I" class="buri-index-bar__index">I</span><span data-index="J" class="buri-index-bar__index">J</span><span data-index="K" class="buri-index-bar__index">K</span><span data-index="L" class="buri-index-bar__index">L</span><span data-index="M" class="buri-index-bar__index">M</span><span data-index="N" class="buri-index-bar__index">N</span><span data-index="O" class="buri-index-bar__index">O</span><span data-index="P" class="buri-index-bar__index">P</span><span data-index="Q" class="buri-index-bar__index">Q</span><span data-index="R" class="buri-index-bar__index">R</span><span data-index="S" class="buri-index-bar__index">S</span><span data-index="T" class="buri-index-bar__index">T</span><span data-index="U" class="buri-index-bar__index">U</span><span data-index="V" class="buri-index-bar__index">V</span><span data-index="W" class="buri-index-bar__index">W</span><span data-index="X" class="buri-index-bar__index">X</span><span data-index="Y" class="buri-index-bar__index">Y</span><span data-index="Z" class="buri-index-bar__index">Z</span></div>
  <div>
    <div class="buri-index-anchor">Title A</div>
  </div>
  <div>
    <div class="buri-index-anchor">Title B</div>
  </div>
</div>
`;

exports[`scroll and update active anchor 1`] = `
<div class="buri-index-bar">
  <div class="buri-index-bar__sidebar" style="z-index: 2;"><span data-index="A" class="buri-index-bar__index buri-index-bar__index--active" style="color: rgb(7, 193, 96);">A</span><span data-index="B" class="buri-index-bar__index">B</span><span data-index="C" class="buri-index-bar__index">C</span><span data-index="D" class="buri-index-bar__index">D</span><span data-index="E" class="buri-index-bar__index">E</span><span data-index="F" class="buri-index-bar__index">F</span><span data-index="G" class="buri-index-bar__index">G</span><span data-index="H" class="buri-index-bar__index">H</span><span data-index="I" class="buri-index-bar__index">I</span><span data-index="J" class="buri-index-bar__index">J</span><span data-index="K" class="buri-index-bar__index">K</span><span data-index="L" class="buri-index-bar__index">L</span><span data-index="M" class="buri-index-bar__index">M</span><span data-index="N" class="buri-index-bar__index">N</span><span data-index="O" class="buri-index-bar__index">O</span><span data-index="P" class="buri-index-bar__index">P</span><span data-index="Q" class="buri-index-bar__index">Q</span><span data-index="R" class="buri-index-bar__index">R</span><span data-index="S" class="buri-index-bar__index">S</span><span data-index="T" class="buri-index-bar__index">T</span><span data-index="U" class="buri-index-bar__index">U</span><span data-index="V" class="buri-index-bar__index">V</span><span data-index="W" class="buri-index-bar__index">W</span><span data-index="X" class="buri-index-bar__index">X</span><span data-index="Y" class="buri-index-bar__index">Y</span><span data-index="Z" class="buri-index-bar__index">Z</span></div>
  <div data-index="0">
    <div class="buri-index-anchor">1</div>
  </div>
  <div data-index="1">
    <div class="buri-index-anchor">2</div>
  </div>
  <div data-index="2">
    <div class="buri-index-anchor">3</div>
  </div>
  <div data-index="3">
    <div class="buri-index-anchor">4</div>
  </div>
</div>
`;

exports[`scroll and update active anchor 2`] = `
<div class="buri-index-bar">
  <div class="buri-index-bar__sidebar" style="z-index: 2;"><span data-index="A" class="buri-index-bar__index" style="">A</span><span data-index="B" class="buri-index-bar__index buri-index-bar__index--active" style="color: rgb(7, 193, 96);">B</span><span data-index="C" class="buri-index-bar__index">C</span><span data-index="D" class="buri-index-bar__index">D</span><span data-index="E" class="buri-index-bar__index">E</span><span data-index="F" class="buri-index-bar__index">F</span><span data-index="G" class="buri-index-bar__index">G</span><span data-index="H" class="buri-index-bar__index">H</span><span data-index="I" class="buri-index-bar__index">I</span><span data-index="J" class="buri-index-bar__index">J</span><span data-index="K" class="buri-index-bar__index">K</span><span data-index="L" class="buri-index-bar__index">L</span><span data-index="M" class="buri-index-bar__index">M</span><span data-index="N" class="buri-index-bar__index">N</span><span data-index="O" class="buri-index-bar__index">O</span><span data-index="P" class="buri-index-bar__index">P</span><span data-index="Q" class="buri-index-bar__index">Q</span><span data-index="R" class="buri-index-bar__index">R</span><span data-index="S" class="buri-index-bar__index">S</span><span data-index="T" class="buri-index-bar__index">T</span><span data-index="U" class="buri-index-bar__index">U</span><span data-index="V" class="buri-index-bar__index">V</span><span data-index="W" class="buri-index-bar__index">W</span><span data-index="X" class="buri-index-bar__index">X</span><span data-index="Y" class="buri-index-bar__index">Y</span><span data-index="Z" class="buri-index-bar__index">Z</span></div>
  <div data-index="0" style="height: 10px;">
    <div class="buri-index-anchor buri-index-anchor--sticky buri-hairline--bottom" style="z-index: 1; transform: translate3d(0, 0px, 0); color: rgb(7, 193, 96);">1</div>
  </div>
  <div data-index="1" style="height: 10px;">
    <div class="buri-index-anchor buri-index-anchor--sticky buri-hairline--bottom" style="z-index: 1; transform: translate3d(0, 10px, 0); color: rgb(7, 193, 96);">2</div>
  </div>
  <div data-index="2">
    <div class="buri-index-anchor">3</div>
  </div>
  <div data-index="3">
    <div class="buri-index-anchor">4</div>
  </div>
</div>
`;
