// Jest Snapshot v1, https://goo.gl/fbAQLP

exports[`icon slot 1`] = `
<div role="alert" class="buri-notice-bar">Custom Left Icon<div role="marquee" class="buri-notice-bar__wrap">
    <div class="buri-notice-bar__content" style="padding-left: 0px; animation-delay: 1s; animation-duration: 0s;">
      Content
    </div>
  </div>Custom Right Icon</div>
`;
