// Jest Snapshot v1, https://goo.gl/fbAQLP

exports[`renders demo correctly 1`] = `
<div>
  <div><button class="buri-button buri-button--primary buri-button--normal"><span class="buri-button__text">提示弹窗</span></button> <button class="buri-button buri-button--primary buri-button--normal"><span class="buri-button__text">提示弹窗（无标题）</span></button></div>
  <div><button class="buri-button buri-button--primary buri-button--normal"><span class="buri-button__text">确认弹窗</span></button></div>
  <div><button class="buri-button buri-button--primary buri-button--normal"><span class="buri-button__text">异步关闭</span></button></div>
  <div><button class="buri-button buri-button--primary buri-button--normal"><span class="buri-button__text">组件调用</span></button>
    <div role="dialog" aria-labelledby="标题" class="buri-dialog" style="display: none;" name="buri-dialog-bounce">
      <div class="buri-dialog__header">标题</div>
      <div class="buri-dialog__content"><img src="https://img.yzcdn.cn/buri/apple-3.jpg"></div>
      <div class="buri-hairline--top buri-dialog__footer buri-dialog__footer--buttons"><button class="buri-button buri-button--default buri-button--large buri-dialog__cancel"><span class="buri-button__text">取消</span></button><button class="buri-button buri-button--default buri-button--large buri-dialog__confirm buri-hairline--left"><span class="buri-button__text">确认弹窗</span></button></div>
    </div>
  </div>
</div>
`;
