// Jest Snapshot v1, https://goo.gl/fbAQLP

exports[`create a notify 1`] = `<div class="buri-popup buri-popup--top buri-notify buri-notify--danger" style="transition-duration: 0.2s; color: rgb(255, 255, 255); z-index: 2001;" name="buri-popup-slide-top">test</div>`;

exports[`notify disappear 1`] = `<div class="buri-popup buri-popup--top buri-notify buri-notify--danger" style="transition-duration: 0.2s; color: red; z-index: 2001; background: blue;" name="buri-popup-slide-top">test</div>`;

exports[`notify disappear 2`] = `<div class="buri-popup buri-popup--top buri-notify buri-notify--danger" style="transition-duration: 0.2s; color: red; z-index: 2001; background: blue; display: none;" name="buri-popup-slide-top">test</div>`;

exports[`notify disappear 3`] = `<div class="buri-popup buri-popup--top buri-notify buri-notify--danger" style="transition-duration: 0.2s; color: rgb(255, 255, 255); z-index: 2002;" name="buri-popup-slide-top">text2</div>`;

exports[`notify disappear 4`] = `<div class="buri-popup buri-popup--top buri-notify buri-notify--danger" style="transition-duration: 0.2s; color: rgb(255, 255, 255); z-index: 2002; display: none;" name="buri-popup-slide-top">text2</div>`;

exports[`type prop 1`] = `<div class="buri-popup buri-popup--top buri-notify buri-notify--primary" style="transition-duration: 0.2s; color: rgb(255, 255, 255); z-index: 2001;" name="buri-popup-slide-top">test</div>`;
