// Jest Snapshot v1, https://goo.gl/fbAQLP

exports[`renders demo correctly 1`] = `
<div>
  <div>
    <div class="buri-steps buri-steps--horizontal">
      <div class="buri-steps__items">
        <div class="buri-hairline buri-step buri-step--horizontal buri-step--finish">
          <div class="buri-step__title">买家下单</div>
          <div class="buri-step__circle-container"><i class="buri-step__circle"></i></div>
          <div class="buri-step__line"></div>
        </div>
        <div class="buri-hairline buri-step buri-step--horizontal buri-step--process">
          <div class="buri-step__title" style="color: rgb(7, 193, 96);">商家接单</div>
          <div class="buri-step__circle-container"><i class="buri-icon buri-icon-checked buri-step__icon" style="color: rgb(7, 193, 96);">
              <!----></i></div>
          <div class="buri-step__line"></div>
        </div>
        <div class="buri-hairline buri-step buri-step--horizontal">
          <div class="buri-step__title">买家提货</div>
          <div class="buri-step__circle-container"><i class="buri-step__circle"></i></div>
          <div class="buri-step__line"></div>
        </div>
        <div class="buri-hairline buri-step buri-step--horizontal">
          <div class="buri-step__title">交易完成</div>
          <div class="buri-step__circle-container"><i class="buri-step__circle"></i></div>
          <div class="buri-step__line"></div>
        </div>
      </div>
    </div> <button class="buri-button buri-button--default buri-button--normal"><span class="buri-button__text">下一步</span></button>
  </div>
  <div>
    <div class="buri-steps buri-steps--horizontal">
      <div class="buri-steps__items">
        <div class="buri-hairline buri-step buri-step--horizontal buri-step--finish">
          <div class="buri-step__title">买家下单</div>
          <div class="buri-step__circle-container"><i class="buri-icon buri-icon-arrow buri-step__icon">
              <!----></i></div>
          <div class="buri-step__line"></div>
        </div>
        <div class="buri-hairline buri-step buri-step--horizontal buri-step--process">
          <div class="buri-step__title" style="color: rgb(51, 136, 255);">商家接单</div>
          <div class="buri-step__circle-container"><i class="buri-icon buri-icon-success buri-step__icon" style="color: rgb(51, 136, 255);">
              <!----></i></div>
          <div class="buri-step__line"></div>
        </div>
        <div class="buri-hairline buri-step buri-step--horizontal">
          <div class="buri-step__title">买家提货</div>
          <div class="buri-step__circle-container"><i class="buri-icon buri-icon-arrow buri-step__icon">
              <!----></i></div>
          <div class="buri-step__line"></div>
        </div>
        <div class="buri-hairline buri-step buri-step--horizontal">
          <div class="buri-step__title">交易完成</div>
          <div class="buri-step__circle-container"><i class="buri-icon buri-icon-arrow buri-step__icon">
              <!----></i></div>
          <div class="buri-step__line"></div>
        </div>
      </div>
    </div>
  </div>
  <div>
    <div class="buri-steps buri-steps--vertical">
      <div class="buri-steps__items">
        <div class="buri-hairline buri-step buri-step--vertical buri-step--process">
          <div class="buri-step__title" style="color: rgb(7, 193, 96);">
            <h3>【城市】物流状态1</h3>
            <p>2016-07-12 12:40</p>
          </div>
          <div class="buri-step__circle-container"><i class="buri-icon buri-icon-checked buri-step__icon" style="color: rgb(7, 193, 96);">
              <!----></i></div>
          <div class="buri-step__line"></div>
        </div>
        <div class="buri-hairline buri-step buri-step--vertical">
          <div class="buri-step__title">
            <h3>【城市】物流状态</h3>
            <p>2016-07-11 10:00</p>
          </div>
          <div class="buri-step__circle-container"><i class="buri-step__circle"></i></div>
          <div class="buri-step__line"></div>
        </div>
        <div class="buri-hairline buri-step buri-step--vertical">
          <div class="buri-step__title">
            <h3>快件已发货</h3>
            <p>2016-07-10 09:30</p>
          </div>
          <div class="buri-step__circle-container"><i class="buri-step__circle"></i></div>
          <div class="buri-step__line"></div>
        </div>
      </div>
    </div>
  </div>
</div>
`;
