// Jest Snapshot v1, https://goo.gl/fbAQLP

exports[`renders demo correctly 1`] = `
<div>
  <div>
    <div class="buri-password-input">
      <ul class="buri-password-input__security buri-hairline--surround">
        <li class=""><i style="visibility: visible;"></i></li>
        <li class="buri-hairline--left"><i style="visibility: visible;"></i></li>
        <li class="buri-hairline--left"><i style="visibility: visible;"></i></li>
        <li class="buri-hairline--left"><i style="visibility: hidden;"></i>
          <div class="buri-password-input__cursor"></div>
        </li>
        <li class="buri-hairline--left"><i style="visibility: hidden;"></i></li>
        <li class="buri-hairline--left"><i style="visibility: hidden;"></i></li>
      </ul>
      <div class="buri-password-input__info">密码为 6 位数字</div>
    </div>
    <div class="buri-number-keyboard buri-number-keyboard--default buri-number-keyboard--safe-area-inset-bottom" style="z-index: 100;" name="buri-slide-up">
      <div class="buri-number-keyboard__body"><i role="button" tabindex="0" class="buri-hairline buri-key">1</i><i role="button" tabindex="0" class="buri-hairline buri-key">2</i><i role="button" tabindex="0" class="buri-hairline buri-key">3</i><i role="button" tabindex="0" class="buri-hairline buri-key">4</i><i role="button" tabindex="0" class="buri-hairline buri-key">5</i><i role="button" tabindex="0" class="buri-hairline buri-key">6</i><i role="button" tabindex="0" class="buri-hairline buri-key">7</i><i role="button" tabindex="0" class="buri-hairline buri-key">8</i><i role="button" tabindex="0" class="buri-hairline buri-key">9</i><i role="button" tabindex="0" class="buri-hairline buri-key buri-key--gray buri-key--extra"></i><i role="button" tabindex="0" class="buri-hairline buri-key">0</i><i role="button" tabindex="0" class="buri-hairline buri-key buri-key--gray buri-key--delete">删除</i></div>
    </div>
  </div>
  <div>
    <div class="buri-password-input">
      <ul class="buri-password-input__security">
        <li class=""><i style="visibility: visible;"></i></li>
        <li class="" style="margin-left: 15px;"><i style="visibility: visible;"></i></li>
        <li class="" style="margin-left: 15px;"><i style="visibility: visible;"></i></li>
        <li class="" style="margin-left: 15px;"><i style="visibility: hidden;"></i></li>
      </ul>
    </div>
  </div>
  <div>
    <div class="buri-password-input">
      <ul class="buri-password-input__security buri-hairline--surround">
        <li class="">1</li>
        <li class="buri-hairline--left">2</li>
        <li class="buri-hairline--left">3</li>
        <li class="buri-hairline--left"></li>
        <li class="buri-hairline--left"></li>
        <li class="buri-hairline--left"></li>
      </ul>
    </div>
  </div>
  <div>
    <div class="buri-password-input">
      <ul class="buri-password-input__security buri-hairline--surround">
        <li class=""><i style="visibility: visible;"></i></li>
        <li class="buri-hairline--left"><i style="visibility: visible;"></i></li>
        <li class="buri-hairline--left"><i style="visibility: visible;"></i></li>
        <li class="buri-hairline--left"><i style="visibility: hidden;"></i></li>
        <li class="buri-hairline--left"><i style="visibility: hidden;"></i></li>
        <li class="buri-hairline--left"><i style="visibility: hidden;"></i></li>
      </ul>
    </div>
  </div>
</div>
`;
