// Jest Snapshot v1, https://goo.gl/fbAQLP

exports[`renders demo correctly 1`] = `
<div>
  <div>
    <div class="buri-slider">
      <div class="buri-slider__bar" style="width: 50%; height: 2px;">
        <div role="slider" tabindex="0" aria-valuemin="0" aria-valuenow="50" aria-valuemax="100" aria-orientation="horizontal" class="buri-slider__button-wrapper">
          <div class="buri-slider__button"></div>
        </div>
      </div>
    </div>
  </div>
  <div>
    <div class="buri-slider">
      <div class="buri-slider__bar" style="width: 50%; height: 2px;">
        <div role="slider" tabindex="0" aria-valuemin="-50" aria-valuenow="0" aria-valuemax="50" aria-orientation="horizontal" class="buri-slider__button-wrapper">
          <div class="buri-slider__button"></div>
        </div>
      </div>
    </div>
  </div>
  <div>
    <div class="buri-slider buri-slider--disabled">
      <div class="buri-slider__bar" style="width: 50%; height: 2px;">
        <div role="slider" tabindex="-1" aria-valuemin="0" aria-valuenow="50" aria-valuemax="100" aria-orientation="horizontal" class="buri-slider__button-wrapper">
          <div class="buri-slider__button"></div>
        </div>
      </div>
    </div>
  </div>
  <div>
    <div class="buri-slider">
      <div class="buri-slider__bar" style="width: 50%; height: 2px;">
        <div role="slider" tabindex="0" aria-valuemin="0" aria-valuenow="50" aria-valuemax="100" aria-orientation="horizontal" class="buri-slider__button-wrapper">
          <div class="buri-slider__button"></div>
        </div>
      </div>
    </div>
  </div>
  <div>
    <div class="buri-slider">
      <div class="buri-slider__bar" style="width: 50%; height: 4px; background: rgb(238, 10, 36);">
        <div role="slider" tabindex="0" aria-valuemin="0" aria-valuenow="50" aria-valuemax="100" aria-orientation="horizontal" class="buri-slider__button-wrapper">
          <div class="buri-slider__button"></div>
        </div>
      </div>
    </div>
  </div>
  <div>
    <div class="buri-slider">
      <div class="buri-slider__bar" style="width: 50%; height: 2px; background: rgb(238, 10, 36);">
        <div role="slider" tabindex="0" aria-valuemin="0" aria-valuenow="50" aria-valuemax="100" aria-orientation="horizontal" class="buri-slider__button-wrapper">
          <div class="custom-button">50</div>
        </div>
      </div>
    </div>
  </div>
  <div>
    <div style="height: 120px; padding-left: 30px;">
      <div class="buri-slider buri-slider--vertical">
        <div class="buri-slider__bar" style="height: 50%; width: 2px;">
          <div role="slider" tabindex="0" aria-valuemin="0" aria-valuenow="50" aria-valuemax="100" aria-orientation="vertical" class="buri-slider__button-wrapper">
            <div class="buri-slider__button"></div>
          </div>
        </div>
      </div>
    </div>
  </div>
</div>
`;
