// Jest Snapshot v1, https://goo.gl/fbAQLP

exports[`renders demo correctly 1`] = `
<div>
  <div>
    <div class="buri-skeleton buri-skeleton--animate">
      <div class="buri-skeleton__content">
        <h3 class="buri-skeleton__title" style="width: 40%;"></h3>
        <div class="buri-skeleton__row" style="width: 100%;"></div>
        <div class="buri-skeleton__row" style="width: 100%;"></div>
        <div class="buri-skeleton__row" style="width: 60%;"></div>
      </div>
    </div>
  </div>
  <div>
    <div class="buri-skeleton buri-skeleton--animate">
      <div class="buri-skeleton__avatar buri-skeleton__avatar--round" style="width: 32px; height: 32px;"></div>
      <div class="buri-skeleton__content">
        <h3 class="buri-skeleton__title" style="width: 40%;"></h3>
        <div class="buri-skeleton__row" style="width: 100%;"></div>
        <div class="buri-skeleton__row" style="width: 100%;"></div>
        <div class="buri-skeleton__row" style="width: 60%;"></div>
      </div>
    </div>
  </div>
  <div>
    <div role="switch" aria-checked="false" class="buri-switch" style="font-size: 24px;">
      <div class="buri-switch__node"></div>
    </div>
    <div class="buri-skeleton buri-skeleton--animate">
      <div class="buri-skeleton__avatar buri-skeleton__avatar--round" style="width: 32px; height: 32px;"></div>
      <div class="buri-skeleton__content">
        <h3 class="buri-skeleton__title" style="width: 40%;"></h3>
        <div class="buri-skeleton__row" style="width: 100%;"></div>
        <div class="buri-skeleton__row" style="width: 100%;"></div>
        <div class="buri-skeleton__row" style="width: 60%;"></div>
      </div>
    </div>
  </div>
</div>
`;
