// Jest Snapshot v1, https://goo.gl/fbAQLP

exports[`renders demo correctly 1`] = `
<div>
  <div class="buri-tabs buri-tabs--line">
    <div class="buri-tabs__wrap buri-hairline--top-bottom">
      <div role="tablist" class="buri-tabs__nav buri-tabs__nav--line">
        <div role="tab" aria-selected="true" class="buri-tab buri-tab--active buri-ellipsis"><span class="buri-tab__text">基础用法<!----></span></div>
        <div role="tab" class="buri-tab buri-ellipsis"><span class="buri-tab__text">错误提示<!----></span></div>
        <div class="buri-tabs__line" style="width: 0px; transform: translateX(0px) translateX(-50%);"></div>
      </div>
    </div>
    <div class="buri-tabs__content">
      <div role="tabpanel" class="buri-tab__pane" style="">
        <div class="buri-pull-refresh">
          <div class="buri-pull-refresh__track" style="transition-duration: 0ms;">
            <div class="buri-pull-refresh__head"></div>
            <div role="feed" class="buri-list" aria-busy="true">
              <div class="buri-list__loading">
                <div class="buri-loading buri-loading--circular"><span class="buri-loading__spinner buri-loading__spinner--circular" style="width: 16px; height: 16px;"><svg viewBox="25 25 50 50" class="buri-loading__circular"><circle cx="50" cy="50" r="20" fill="none"></circle></svg></span><span class="buri-loading__text">加载中...</span></div>
              </div>
              <div class="buri-list__placeholder"></div>
            </div>
          </div>
        </div>
      </div>
      <div role="tabpanel" class="buri-tab__pane" style="display: none;">
        <!---->
      </div>
    </div>
  </div>
</div>
`;
