// Jest Snapshot v1, https://goo.gl/fbAQLP

exports[`renders demo correctly 1`] = `
<div>
  <div>
    <div>
      <div class="buri-swipe-cell">
        <div class="buri-swipe-cell__wrapper" style="transform: translate3d(0px, 0, 0); transition-duration: .6s;">
          <div class="buri-swipe-cell__left"><button class="buri-button buri-button--primary buri-button--normal buri-button--square"><span class="buri-button__text">选择</span></button></div>
          <div class="buri-cell buri-cell--borderless">
            <div class="buri-cell__title"><span>单元格</span></div>
            <div class="buri-cell__value"><span>内容</span></div>
          </div>
          <div class="buri-swipe-cell__right"><button class="buri-button buri-button--danger buri-button--normal buri-button--square"><span class="buri-button__text">删除</span></button> <button class="buri-button buri-button--primary buri-button--normal buri-button--square"><span class="buri-button__text">收藏</span></button></div>
        </div>
      </div>
    </div>
    <div>
      <div class="buri-swipe-cell">
        <div class="buri-swipe-cell__wrapper" style="transform: translate3d(0px, 0, 0); transition-duration: .6s;">
          <div class="buri-swipe-cell__left"><button class="buri-button buri-button--primary buri-button--normal buri-button--square"><span class="buri-button__text">选择</span></button></div>
          <div class="buri-cell buri-cell--borderless">
            <div class="buri-cell__title"><span>单元格</span></div>
            <div class="buri-cell__value"><span>内容</span></div>
          </div>
          <div class="buri-swipe-cell__right"><button class="buri-button buri-button--danger buri-button--normal buri-button--square"><span class="buri-button__text">删除</span></button></div>
        </div>
      </div>
    </div>
  </div>
</div>
`;
